"2","luigi","2","2.20000000","plumber","2021-01-05 13:43:17"
"3","toad","3","3.30000000","mushroom","2021-01-05 13:43:17"
