"2","luigi","2","2.2","plumber","2021-01-06 00:00:00.0"
"3","toad","3","3.3","mushroom","2021-01-07 00:00:00.0"
