"1","mario","1","1.10000000","plumber","2021-01-05 13:43:17"
"2","luigi","2","2.20000000","plumber","2021-01-05 13:43:17"
"3","toad","3","3.30000000","mushroom","2021-01-05 13:43:17"
"4","princess","4","4.40000000","royalty","2021-01-05 13:43:17"
"5","wario","5","5.50000000","badguy","2021-01-05 13:43:17"
"6","yoshi","6","6.60000000","horse?","2021-01-05 13:43:27"
