6,"yoshi",6,6.60000000,"horse?","2021-01-05 13:43:27.000"
2,"luigi",2,2.20000000,"plumber","2021-01-05 13:48:17.000"
