"varchar_data","12.34","2021-10-18 23:01:50.0","2021-10-18 23:01:50.0"
