1,"mario",1,1.10000000,"plumber","2021-01-01 13:43:17.000"
2,"luigi",2,2.20000000,"plumber","2021-01-05 13:48:17.000"
