4,"princess",4,4.40000000,"royalty","2021-01-05 13:41:17.000"
5,"wario",5,5.50000000,"badguy","2021-01-04 13:43:17.000"
6,"yoshi",6,6.60000000,"horse?","2021-01-05 13:43:27.000"
