"1","mario","1","1.1","plumber","2021-01-05 00:00:00.0","2021-01-05 11:20:30.45"
"2","luigi","2","2.2","plumber","2021-01-06 00:00:00.0","2021-01-06 11:20:30.45"
"3","toad","3","3.3","mushroom","2021-01-07 00:00:00.0","2021-01-07 11:20:30.45"
"4","princess","4","4.4","royalty","2021-01-08 00:00:00.0","2021-01-08 11:20:30.45"
"5","wario","5","5.5","badguy","2021-01-09 00:00:00.0","2021-01-09 11:20:30.45"
"6","yoshi","6","6.6","horse?","2021-01-10 00:00:00.0","2021-01-10 11:20:30.45"
