"4","princess","4","4.4","royalty","2021-01-08 00:00:00.0"
"5","wario","5","5.5","badguy","2021-01-09 00:00:00.0"
"6","yoshi","6","6.6","horse?","2021-01-10 00:00:00.0"
