"usercity","zipcode"
"Mize","39153"
"The Lakes","89124"
"Baldwin","21020"
"Archbald","18501"
"Berea","44127"
"Baldwin","21219"
"Phoenix","85083"
"Martinsburg","25428"
"Los Angeles","91328"
"Bolton","28455"