"1","mario","1","1.1","plumber","2021-01-05 00:00:00.0","2021-01-05 11:20:30.45"
"2","luigi","2","2.2","plumber","2021-01-06 00:00:00.0","2021-01-06 11:20:30.45"
